
     Program BANDS v.6.5 starts on 19May2020 at 22:45:54 

     This program is part of the open-source Quantum ESPRESSO suite
     for quantum simulation of materials; please cite
         "P. Giannozzi et al., J. Phys.:Condens. Matter 21 395502 (2009);
         "P. Giannozzi et al., J. Phys.:Condens. Matter 29 465901 (2017);
          URL http://www.quantum-espresso.org", 
     in publications or presentations arising from this work. More details at
     http://www.quantum-espresso.org/quote

     Parallel version (MPI), running on     1 processors

     MPI processes distributed on     1 nodes

     Reading xml data from directory:

     ./tmp/silicene.save/
     Message from routine read_upf::
     Pseudo file Si.rel-pbe-n-rrkjus_psl.0.1.UPF has been fixed on the fly.
To avoid this message in the future, permanently fix 
 your pseudo files following these instructions: 
https://gitlab.com/QEF/q-e/blob/master/upftools/how_to_fix_upf.md

     IMPORTANT: XC functional enforced from input :
     Exchange-correlation= PBE
                           (   1   4   3   4   0   0   0)
     Any further DFT definition will be discarded
     Please, verify this is what you really want


     G-vector sticks info
     --------------------
     sticks:   dense  smooth     PW     G-vecs:    dense   smooth      PW
     Sum        1483     745    235               187625    66471   11685


     negative rho (up, down):  1.074E-05 0.000E+00
     Reading collected, re-writing distributed wavefunctions
     high-symmetry point:  0.0000 0.0000 0.0000   x coordinate   0.0000
     high-symmetry point:  0.5000 0.2887 0.0000   x coordinate   0.5774
     high-symmetry point:  0.0000 0.5774 0.0000   x coordinate   1.1547
     high-symmetry point:  0.5000 0.8660 0.0000   x coordinate   1.7321

     Plottable bands (eV) written to file bbfile.gnu
     Bands written to file bbfile
 gnne

 **************************************************************************

                    xk=(   0.00000,   0.00000,   0.00000  )

     double point group D_3d (-3m) 
     there are 12 classes and  6 irreducible representations
     the character table:

       E     -E    2C3   -2C3  3C2'  -3C2' i     -i    2S6   -2S6  3s_v  -3s_v
                                                                              
G_4+   2.00 -2.00  1.00 -1.00  0.00  0.00  2.00 -2.00  1.00 -1.00  0.00  0.00
G_5+   1.00 -1.00 -1.00  1.00  0.00  0.00  1.00 -1.00 -1.00  1.00  0.00  0.00
G_6+   1.00 -1.00 -1.00  1.00  0.00  0.00  1.00 -1.00 -1.00  1.00  0.00  0.00
G_4-   2.00 -2.00  1.00 -1.00  0.00  0.00 -2.00  2.00 -1.00  1.00  0.00  0.00
G_5-   1.00 -1.00 -1.00  1.00  0.00  0.00 -1.00  1.00  1.00 -1.00  0.00  0.00
G_6-   1.00 -1.00 -1.00  1.00  0.00  0.00 -1.00  1.00  1.00 -1.00  0.00  0.00

     imaginary part

       E     -E    2C3   -2C3  3C2'  -3C2' i     -i    2S6   -2S6  3s_v  -3s_v
                                                                              
G_4+   0.00  0.00  0.00  0.00  0.00  0.00  0.00  0.00  0.00  0.00  0.00  0.00
G_5+   0.00  0.00  0.00  0.00  1.00 -1.00  0.00  0.00  0.00  0.00  1.00 -1.00
G_6+   0.00  0.00  0.00  0.00 -1.00  1.00  0.00  0.00  0.00  0.00 -1.00  1.00
G_4-   0.00  0.00  0.00  0.00  0.00  0.00  0.00  0.00  0.00  0.00  0.00  0.00
G_5-   0.00  0.00  0.00  0.00  1.00 -1.00  0.00  0.00  0.00  0.00 -1.00  1.00
G_6-   0.00  0.00  0.00  0.00 -1.00  1.00  0.00  0.00  0.00  0.00  1.00 -1.00

     the symmetry operations in each class and the name of the first element:

     E             1
                                                                 
     -E           -1
                                                                 
     2C3           3    4
                                                                 
     -2C3         -3   -4
                                                                 
     3C2'          2   -5   -6
                                                                 
     3C2'          5    6   -2
                                                                 
     i             7
                                                                 
     -i           -7
                                                                 
     2S6           9   10
                                                                 
     -2S6         -9  -10
                                                                 
     3s_v          8  -11  -12
                                                                 
     3s_v         11   12   -8
                                                                 

 **************************************************************************

                    xk=(   0.50000,   0.28868,   0.00000  )

     double point group C_2h (2/m) 
     there are  8 classes and  4 irreducible representations
     the character table:

       E     -E    C2    -C2   i     -i    s_h   -s_h 
                                                      
G_3+   1.00 -1.00  0.00  0.00  1.00 -1.00  0.00  0.00
G_4+   1.00 -1.00  0.00  0.00  1.00 -1.00  0.00  0.00
G_3-   1.00 -1.00  0.00  0.00 -1.00  1.00  0.00  0.00
G_4-   1.00 -1.00  0.00  0.00 -1.00  1.00  0.00  0.00

     imaginary part

       E     -E    C2    -C2   i     -i    s_h   -s_h 
                                                      
G_3+   0.00  0.00  1.00 -1.00  0.00  0.00  1.00 -1.00
G_4+   0.00  0.00 -1.00  1.00  0.00  0.00 -1.00  1.00
G_3-   0.00  0.00  1.00 -1.00  0.00  0.00 -1.00  1.00
G_4-   0.00  0.00 -1.00  1.00  0.00  0.00  1.00 -1.00

     the symmetry operations in each class and the name of the first element:

     E             1
                                                                 
     -E           -1
                                                                 
     C2            2
                                                                 
     -C2          -2
                                                                 
     i             3
                                                                 
     -i           -3
                                                                 
     s_h           4
                                                                 
     -s_h         -4
                                                                 

 **************************************************************************

                    xk=(   0.00000,   0.57735,   0.00000  )

 **************************************************************************

                    xk=(   0.50000,   0.86603,   0.00000  )

     BANDS        :     28.30s CPU     30.98s WALL


   This run was terminated on:  22:46:25  19May2020            

=------------------------------------------------------------------------------=
   JOB DONE.
=------------------------------------------------------------------------------=
